// Jest Snapshot v1, https://goo.gl/fbAQLP

exports[`Data button to render correctly 1`] = `
.c0 {
  background: blue;
  border-radius: 3px;
  border: none;
  color: white;
  margin: 2px;
}

.c1 {
  background: green;
}

<button
  class="c0 c1"
>
  Test
</button>
`;

exports[`Demo component to render correctly 1`] = `
Object {
  "asFragment": [Function],
  "baseElement": .c0 {
  background: blue;
  border-radius: 3px;
  border: none;
  color: white;
  margin: 2px;
}

.c1 {
  background: green;
}

<body>
    <div>
      <h1>
        ForceGraph example
      </h1>
      <figure
        style="color: blue;"
      >
        <svg
          height="360"
          style="border-style: solid; border-width: 1px;"
          width="360"
        >
          <g
            transform="translate(30,30)"
          >
            <line
              style="stroke: #ccc; stroke-width: 1;"
            />
            <line
              style="stroke: #ccc; stroke-width: 1;"
            />
            <line
              style="stroke: #ccc; stroke-width: 1;"
            />
            <line
              style="stroke: #ccc; stroke-width: 1;"
            />
            <line
              style="stroke: #ccc; stroke-width: 1;"
            />
            <line
              style="stroke: #ccc; stroke-width: 1;"
            />
            <line
              style="stroke: #ccc; stroke-width: 1;"
            />
            <line
              style="stroke: #ccc; stroke-width: 1;"
            />
            <line
              style="stroke: #ccc; stroke-width: 1;"
            />
            <line
              style="stroke: #ccc; stroke-width: 1;"
            />
            <line
              style="stroke: #ccc; stroke-width: 1;"
            />
            <line
              style="stroke: #ccc; stroke-width: 1;"
            />
            <line
              style="stroke: #ccc; stroke-width: 1;"
            />
            <g>
              <circle
                r="30"
                style="fill: #1f77b4;"
              />
              <text
                class="nodelabel"
                dy="0.3em"
                fill="#fff"
                pointer-events="none"
                stoke="none"
                style="font-size: 60px;"
                text-anchor="middle"
              >
                Adam
              </text>
            </g>
            <g>
              <circle
                r="30"
                style="fill: #ff7f0e;"
              />
              <text
                class="nodelabel"
                dy="0.3em"
                fill="#fff"
                pointer-events="none"
                stoke="none"
                style="font-size: 60px;"
                text-anchor="middle"
              >
                Bob
              </text>
            </g>
            <g>
              <circle
                r="30"
                style="fill: #2ca02c;"
              />
              <text
                class="nodelabel"
                dy="0.3em"
                fill="#fff"
                pointer-events="none"
                stoke="none"
                style="font-size: 60px;"
                text-anchor="middle"
              >
                Carrie
              </text>
            </g>
            <g>
              <circle
                r="30"
                style="fill: #d62728;"
              />
              <text
                class="nodelabel"
                dy="0.3em"
                fill="#fff"
                pointer-events="none"
                stoke="none"
                style="font-size: 60px;"
                text-anchor="middle"
              >
                Donovan
              </text>
            </g>
            <g>
              <circle
                r="30"
                style="fill: #9467bd;"
              />
              <text
                class="nodelabel"
                dy="0.3em"
                fill="#fff"
                pointer-events="none"
                stoke="none"
                style="font-size: 60px;"
                text-anchor="middle"
              >
                Edward
              </text>
            </g>
            <g>
              <circle
                r="30"
                style="fill: #8c564b;"
              />
              <text
                class="nodelabel"
                dy="0.3em"
                fill="#fff"
                pointer-events="none"
                stoke="none"
                style="font-size: 60px;"
                text-anchor="middle"
              >
                Felicity
              </text>
            </g>
            <g>
              <circle
                r="30"
                style="fill: #e377c2;"
              />
              <text
                class="nodelabel"
                dy="0.3em"
                fill="#fff"
                pointer-events="none"
                stoke="none"
                style="font-size: 60px;"
                text-anchor="middle"
              >
                George
              </text>
            </g>
            <g>
              <circle
                r="30"
                style="fill: #7f7f7f;"
              />
              <text
                class="nodelabel"
                dy="0.3em"
                fill="#fff"
                pointer-events="none"
                stoke="none"
                style="font-size: 60px;"
                text-anchor="middle"
              >
                Hannah
              </text>
            </g>
            <g>
              <circle
                r="30"
                style="fill: #bcbd22;"
              />
              <text
                class="nodelabel"
                dy="0.3em"
                fill="#fff"
                pointer-events="none"
                stoke="none"
                style="font-size: 60px;"
                text-anchor="middle"
              >
                Iris
              </text>
            </g>
            <g>
              <circle
                r="30"
                style="fill: #17becf;"
              />
              <text
                class="nodelabel"
                dy="0.3em"
                fill="#fff"
                pointer-events="none"
                stoke="none"
                style="font-size: 60px;"
                text-anchor="middle"
              >
                Jerry
              </text>
            </g>
          </g>
        </svg>
        <figcaption>
          <div>
            <button
              class="c0 c1"
            >
              Names
            </button>
            <button
              class="c0 c1"
            >
              ABC
            </button>
            <button
              class="c0 c1"
            >
              Yarnball
            </button>
          </div>
        </figcaption>
      </figure>
      <p>
        Node radius:
        <input
          id="radius"
          min="5"
          step="1"
          type="number"
          value="30"
        />
      </p>
      <p>
        Bond strength:
        <input
          id="link-strength"
          min="0.001"
          step="0.01"
          type="number"
          value="0.5"
        />
      </p>
    </div>
  </body>,
  "container": .c0 {
  background: blue;
  border-radius: 3px;
  border: none;
  color: white;
  margin: 2px;
}

.c1 {
  background: green;
}

<div>
    <h1>
      ForceGraph example
    </h1>
    <figure
      style="color: blue;"
    >
      <svg
        height="360"
        style="border-style: solid; border-width: 1px;"
        width="360"
      >
        <g
          transform="translate(30,30)"
        >
          <line
            style="stroke: #ccc; stroke-width: 1;"
          />
          <line
            style="stroke: #ccc; stroke-width: 1;"
          />
          <line
            style="stroke: #ccc; stroke-width: 1;"
          />
          <line
            style="stroke: #ccc; stroke-width: 1;"
          />
          <line
            style="stroke: #ccc; stroke-width: 1;"
          />
          <line
            style="stroke: #ccc; stroke-width: 1;"
          />
          <line
            style="stroke: #ccc; stroke-width: 1;"
          />
          <line
            style="stroke: #ccc; stroke-width: 1;"
          />
          <line
            style="stroke: #ccc; stroke-width: 1;"
          />
          <line
            style="stroke: #ccc; stroke-width: 1;"
          />
          <line
            style="stroke: #ccc; stroke-width: 1;"
          />
          <line
            style="stroke: #ccc; stroke-width: 1;"
          />
          <line
            style="stroke: #ccc; stroke-width: 1;"
          />
          <g>
            <circle
              r="30"
              style="fill: #1f77b4;"
            />
            <text
              class="nodelabel"
              dy="0.3em"
              fill="#fff"
              pointer-events="none"
              stoke="none"
              style="font-size: 60px;"
              text-anchor="middle"
            >
              Adam
            </text>
          </g>
          <g>
            <circle
              r="30"
              style="fill: #ff7f0e;"
            />
            <text
              class="nodelabel"
              dy="0.3em"
              fill="#fff"
              pointer-events="none"
              stoke="none"
              style="font-size: 60px;"
              text-anchor="middle"
            >
              Bob
            </text>
          </g>
          <g>
            <circle
              r="30"
              style="fill: #2ca02c;"
            />
            <text
              class="nodelabel"
              dy="0.3em"
              fill="#fff"
              pointer-events="none"
              stoke="none"
              style="font-size: 60px;"
              text-anchor="middle"
            >
              Carrie
            </text>
          </g>
          <g>
            <circle
              r="30"
              style="fill: #d62728;"
            />
            <text
              class="nodelabel"
              dy="0.3em"
              fill="#fff"
              pointer-events="none"
              stoke="none"
              style="font-size: 60px;"
              text-anchor="middle"
            >
              Donovan
            </text>
          </g>
          <g>
            <circle
              r="30"
              style="fill: #9467bd;"
            />
            <text
              class="nodelabel"
              dy="0.3em"
              fill="#fff"
              pointer-events="none"
              stoke="none"
              style="font-size: 60px;"
              text-anchor="middle"
            >
              Edward
            </text>
          </g>
          <g>
            <circle
              r="30"
              style="fill: #8c564b;"
            />
            <text
              class="nodelabel"
              dy="0.3em"
              fill="#fff"
              pointer-events="none"
              stoke="none"
              style="font-size: 60px;"
              text-anchor="middle"
            >
              Felicity
            </text>
          </g>
          <g>
            <circle
              r="30"
              style="fill: #e377c2;"
            />
            <text
              class="nodelabel"
              dy="0.3em"
              fill="#fff"
              pointer-events="none"
              stoke="none"
              style="font-size: 60px;"
              text-anchor="middle"
            >
              George
            </text>
          </g>
          <g>
            <circle
              r="30"
              style="fill: #7f7f7f;"
            />
            <text
              class="nodelabel"
              dy="0.3em"
              fill="#fff"
              pointer-events="none"
              stoke="none"
              style="font-size: 60px;"
              text-anchor="middle"
            >
              Hannah
            </text>
          </g>
          <g>
            <circle
              r="30"
              style="fill: #bcbd22;"
            />
            <text
              class="nodelabel"
              dy="0.3em"
              fill="#fff"
              pointer-events="none"
              stoke="none"
              style="font-size: 60px;"
              text-anchor="middle"
            >
              Iris
            </text>
          </g>
          <g>
            <circle
              r="30"
              style="fill: #17becf;"
            />
            <text
              class="nodelabel"
              dy="0.3em"
              fill="#fff"
              pointer-events="none"
              stoke="none"
              style="font-size: 60px;"
              text-anchor="middle"
            >
              Jerry
            </text>
          </g>
        </g>
      </svg>
      <figcaption>
        <div>
          <button
            class="c0 c1"
          >
            Names
          </button>
          <button
            class="c0 c1"
          >
            ABC
          </button>
          <button
            class="c0 c1"
          >
            Yarnball
          </button>
        </div>
      </figcaption>
    </figure>
    <p>
      Node radius:
      <input
        id="radius"
        min="5"
        step="1"
        type="number"
        value="30"
      />
    </p>
    <p>
      Bond strength:
      <input
        id="link-strength"
        min="0.001"
        step="0.01"
        type="number"
        value="0.5"
      />
    </p>
  </div>,
  "debug": [Function],
  "findAllByAltText": [Function],
  "findAllByDisplayValue": [Function],
  "findAllByLabelText": [Function],
  "findAllByPlaceholderText": [Function],
  "findAllByRole": [Function],
  "findAllByTestId": [Function],
  "findAllByText": [Function],
  "findAllByTitle": [Function],
  "findByAltText": [Function],
  "findByDisplayValue": [Function],
  "findByLabelText": [Function],
  "findByPlaceholderText": [Function],
  "findByRole": [Function],
  "findByTestId": [Function],
  "findByText": [Function],
  "findByTitle": [Function],
  "getAllByAltText": [Function],
  "getAllByDisplayValue": [Function],
  "getAllByLabelText": [Function],
  "getAllByPlaceholderText": [Function],
  "getAllByRole": [Function],
  "getAllByTestId": [Function],
  "getAllByText": [Function],
  "getAllByTitle": [Function],
  "getByAltText": [Function],
  "getByDisplayValue": [Function],
  "getByLabelText": [Function],
  "getByPlaceholderText": [Function],
  "getByRole": [Function],
  "getByTestId": [Function],
  "getByText": [Function],
  "getByTitle": [Function],
  "queryAllByAltText": [Function],
  "queryAllByDisplayValue": [Function],
  "queryAllByLabelText": [Function],
  "queryAllByPlaceholderText": [Function],
  "queryAllByRole": [Function],
  "queryAllByTestId": [Function],
  "queryAllByText": [Function],
  "queryAllByTitle": [Function],
  "queryByAltText": [Function],
  "queryByDisplayValue": [Function],
  "queryByLabelText": [Function],
  "queryByPlaceholderText": [Function],
  "queryByRole": [Function],
  "queryByTestId": [Function],
  "queryByText": [Function],
  "queryByTitle": [Function],
  "rerender": [Function],
  "unmount": [Function],
}
`;
