// Jest Snapshot v1, https://goo.gl/fbAQLP

exports[`LinePlot renders 1`] = `
<figure
  data-testid="plot1"
>
  <svg
    cursor="crosshair"
    height="360"
    id="line-plot"
    style="border-style: solid; border-width: 1px; overflow: visible;"
    width="360"
  >
    <g
      id="line1"
    >
      <circle
        cx="30"
        cy="150"
        fill="green"
        r="5"
      />
      <circle
        cx="330"
        cy="150"
        fill="green"
        r="5"
      />
      <path
        d="M30,150L180,150L180,150L330,150"
        fill="none"
        stroke="green"
      />
    </g>
    <g
      id="line2"
    >
      <circle
        cx="30"
        cy="260.7692307692307"
        fill="red"
        r="5"
      />
      <circle
        cx="330"
        cy="30"
        fill="red"
        r="5"
      />
      <path
        d="M30,260.7692307692307L180,260.7692307692307L180,30L330,30"
        fill="none"
        stroke="red"
      />
    </g>
    <g
      fill="none"
      font-family="sans-serif"
      font-size="10"
      text-anchor="middle"
      transform="translate(0, 330)"
    >
      <path
        class="domain"
        d="M30.5,6V0.5H330.5V6"
        stroke="currentColor"
      />
      <g
        class="tick"
        opacity="1"
        transform="translate(30.5,0)"
      >
        <line
          stroke="currentColor"
          y2="6"
        />
        <text
          dy="0.71em"
          fill="currentColor"
          y="9"
        >
          1.0
        </text>
      </g>
      <g
        class="tick"
        opacity="1"
        transform="translate(60.50000000000003,0)"
      >
        <line
          stroke="currentColor"
          y2="6"
        />
        <text
          dy="0.71em"
          fill="currentColor"
          y="9"
        >
          1.1
        </text>
      </g>
      <g
        class="tick"
        opacity="1"
        transform="translate(90.49999999999999,0)"
      >
        <line
          stroke="currentColor"
          y2="6"
        />
        <text
          dy="0.71em"
          fill="currentColor"
          y="9"
        >
          1.2
        </text>
      </g>
      <g
        class="tick"
        opacity="1"
        transform="translate(120.50000000000001,0)"
      >
        <line
          stroke="currentColor"
          y2="6"
        />
        <text
          dy="0.71em"
          fill="currentColor"
          y="9"
        >
          1.3
        </text>
      </g>
      <g
        class="tick"
        opacity="1"
        transform="translate(150.49999999999997,0)"
      >
        <line
          stroke="currentColor"
          y2="6"
        />
        <text
          dy="0.71em"
          fill="currentColor"
          y="9"
        >
          1.4
        </text>
      </g>
      <g
        class="tick"
        opacity="1"
        transform="translate(180.5,0)"
      >
        <line
          stroke="currentColor"
          y2="6"
        />
        <text
          dy="0.71em"
          fill="currentColor"
          y="9"
        >
          1.5
        </text>
      </g>
      <g
        class="tick"
        opacity="1"
        transform="translate(210.50000000000003,0)"
      >
        <line
          stroke="currentColor"
          y2="6"
        />
        <text
          dy="0.71em"
          fill="currentColor"
          y="9"
        >
          1.6
        </text>
      </g>
      <g
        class="tick"
        opacity="1"
        transform="translate(240.49999999999997,0)"
      >
        <line
          stroke="currentColor"
          y2="6"
        />
        <text
          dy="0.71em"
          fill="currentColor"
          y="9"
        >
          1.7
        </text>
      </g>
      <g
        class="tick"
        opacity="1"
        transform="translate(270.5,0)"
      >
        <line
          stroke="currentColor"
          y2="6"
        />
        <text
          dy="0.71em"
          fill="currentColor"
          y="9"
        >
          1.8
        </text>
      </g>
      <g
        class="tick"
        opacity="1"
        transform="translate(300.49999999999994,0)"
      >
        <line
          stroke="currentColor"
          y2="6"
        />
        <text
          dy="0.71em"
          fill="currentColor"
          y="9"
        >
          1.9
        </text>
      </g>
      <g
        class="tick"
        opacity="1"
        transform="translate(330.5,0)"
      >
        <line
          stroke="currentColor"
          y2="6"
        />
        <text
          dy="0.71em"
          fill="currentColor"
          y="9"
        >
          2.0
        </text>
      </g>
    </g>
    <g
      fill="none"
      font-family="sans-serif"
      font-size="10"
      text-anchor="end"
      transform="translate(30, 0)"
    >
      <path
        class="domain"
        d="M-6,330.5H0.5V30.5H-6"
        stroke="currentColor"
      />
      <g
        class="tick"
        opacity="1"
        transform="translate(0,180.5)"
      >
        <line
          stroke="currentColor"
          x2="-6"
        />
        <text
          dy="0.32em"
          fill="currentColor"
          x="-9"
        >
          1
        </text>
      </g>
    </g>
    <text />
  </svg>
  <figcaption>
    LINE PLOT (
    2
     rows) 
  </figcaption>
</figure>
`;

exports[`LinePlot renders for empty data 1`] = `
<figure
  data-testid="plot1"
>
  <svg
    height="360"
    id="line-plot"
    style="border-style: solid; border-width: 1px; overflow: visible;"
    width="360"
  />
  <figcaption>
    LINE PLOT (
    0
     rows) 
  </figcaption>
</figure>
`;

exports[`LinePlot renders for undefined data 1`] = `
<figure
  data-testid="plot1"
>
  <svg
    height="360"
    id="line-plot"
    style="border-style: solid; border-width: 1px; overflow: visible;"
    width="360"
  />
  <figcaption>
    LINE PLOT (
    0
     rows) 
  </figcaption>
</figure>
`;
